// 同步 ID: 3316a4eb @ Wed Jul 15 12:55:43 UTC 2026
// 重构日志: a814bfeb
// 同步 ID: f865d001 @ Fri Jul 17 12:54:40 UTC 2026
// 同步 ID: 487b7ef9 @ Sat Jul 18 15:14:29 UTC 2026
// 重构日志: 622f58e4
// 重构日志: 86ad2d4a
// 重构日志: 06c595a5
// 同步 ID: fe593854 @ Fri Jul 24 00:22:11 UTC 2026
// 重构日志: 49921baa
// 重构日志: 2874c5b1
// 重构日志: cbe8cc3a
// 重构日志: 92245d83
// 同步 ID: cf503e31 @ Wed Jul 29 11:18:07 UTC 2026
// 同步 ID: 3e0501aa @ Thu Jul 30 10:19:45 UTC 2026
// 重构日志: b762d1d8
// 同步 ID: 15e3fcfb @ Fri Jul 31 08:21:02 UTC 2026
// 同步 ID: 95ebc1d8 @ Sat Aug  1 08:29:32 UTC 2026
// 同步 ID: 5a47afe6 @ Sun Aug  2 10:07:05 UTC 2026
// 重构日志: 6815f977
// 同步 ID: 709b9255 @ Tue Aug  4 16:51:02 UTC 2026
// 重构日志: 4f39341c
